The ``2-matrix_divided`` module
======================

Using ``matrix_divided``
-------------------

#test 1
>>> print(matrix_divided(([1, 2, 3], [4, 5, 6]), 3))
[[0.33, 0.67, 1.0], [1.33, 1.67, 2.0]]

#test 2
>>> print(matrix_divided("", 3))

#test 3
>>> print(matrix_divided([1, 2, "Hello"], [4, 5, 6]))
Traceback (most recent call last):
...
TypeError: matrix must be a matrix (list of lists) of integers/floats

#test 4
>>> print(matrix_divided([1, 2, 3], [4, 5, 6]), 0)
Traceback (most recent call last):
...
ZeroDivisionError: division by Zero

#test 5
>>> print(None)
None

