The ``0-add_integer`` module
======================

Using ``add_integer``
-------------------

#test 1
>>> print_square = __import__('4-print_square').print_square

#test 2
>>> print_square(4)
####
####
####
####

#test 3
>>> print_square(10)
##########
##########
##########
##########
##########
##########
##########
##########
##########
##########

#test 4
>>> print_square(0)

#test 5
>>> print_square(1)
#

#test 6
>>> print_square(-1)
Traceback (most recent call last):
...
ValueError: size must be >= 0

#test 7
>>> print_square(2.5)
Traceback (most recent call last):
...
TypeError: size must be an integer

#test 8
>>> print_square("Hello")
Traceback (most recent call last):
...
TypeError: size must be an integer

#test 9
>>> print_square(None)
Traceback (most recent call last):
...
TypeError: size must be an integer
